yarn run v1.22.15
$ craco start
[34mâ„¹[39m [90mï½¢wdsï½£[39m: Project is running at http://192.168.0.15/
[34mâ„¹[39m [90mï½¢wdsï½£[39m: webpack output is served from 
[34mâ„¹[39m [90mï½¢wdsï½£[39m: Content not from webpack is served from /home/skuep/code/04-React/discord_sidebar/public
[34mâ„¹[39m [90mï½¢wdsï½£[39m: 404s will fallback to /
Starting the development server...

Failed to compile.

./src/pages/Home/Home.js
Module not found: Can't resolve '@assets/img' in '/home/skuep/code/04-React/discord_sidebar/src/pages/Home'
Compiling...
info Visit https://yarnpkg.com/en/docs/cli/run for documentation about this command.
yarn run v1.22.15
$ craco start
[34mâ„¹[39m [90mï½¢wdsï½£[39m: Project is running at http://192.168.0.15/
[34mâ„¹[39m [90mï½¢wdsï½£[39m: webpack output is served from 
[34mâ„¹[39m [90mï½¢wdsï½£[39m: Content not from webpack is served from /home/skuep/code/04-React/discord_sidebar/public
[34mâ„¹[39m [90mï½¢wdsï½£[39m: 404s will fallback to /
Starting the development server...

Failed to compile.

./src/pages/Home/Home.js
Module not found: Can't resolve '@assets/img' in '/home/skuep/code/04-React/discord_sidebar/src/pages/Home'
Compiling...
info Visit https://yarnpkg.com/en/docs/cli/run for documentation about this command.
yarn run v1.22.15
$ craco start
[34mâ„¹[39m [90mï½¢wdsï½£[39m: Project is running at http://192.168.0.15/
[34mâ„¹[39m [90mï½¢wdsï½£[39m: webpack output is served from 
[34mâ„¹[39m [90mï½¢wdsï½£[39m: Content not from webpack is served from /home/skuep/code/04-React/discord_sidebar/public
[34mâ„¹[39m [90mï½¢wdsï½£[39m: 404s will fallback to /
Starting the development server...

Failed to compile.

./src/pages/Home/Home.js
Module not found: Can't resolve '@img' in '/home/skuep/code/04-React/discord_sidebar/src/pages/Home'
Compiling...
Failed to compile.

./src/pages/Home/Home.js
Module not found: Can't resolve '@img' in '/home/skuep/code/04-React/discord_sidebar/src/pages/Home'
yarn run v1.22.15
$ craco start
[34mâ„¹[39m [90mï½¢wdsï½£[39m: Project is running at http://192.168.0.15/
[34mâ„¹[39m [90mï½¢wdsï½£[39m: webpack output is served from 
[34mâ„¹[39m [90mï½¢wdsï½£[39m: Content not from webpack is served from /home/skuep/code/04-React/discord_sidebar/public
[34mâ„¹[39m [90mï½¢wdsï½£[39m: 404s will fallback to /
Starting the development server...

Compiled with warnings.

src/pages/Home/Home.js
  Line 2:10:  'logoBookmark' is defined but never used  no-unused-vars
  Line 3:10:  'Footer' is defined but never used        no-unused-vars
  Line 4:10:  'Button' is defined but never used        no-unused-vars
  Line 4:18:  'Burger' is defined but never used        no-unused-vars
  Line 5:10:  'SectionHero' is defined but never used   no-unused-vars
  Line 5:23:  'Features' is defined but never used      no-unused-vars
  Line 5:33:  'Download' is defined but never used      no-unused-vars
  Line 5:43:  'Faq' is defined but never used           no-unused-vars
  Line 5:48:  'ContactUs' is defined but never used     no-unused-vars

Search for the keywords to learn more about each warning.
To ignore, add // eslint-disable-next-line to the line before.

Compiling...
Compiled successfully!
Compiling...
Failed to compile.

src/pages/Home/Home.js
Syntax error: Unterminated JSX contents (5:19)

  3 | const Home = () => {
  4 |   return <div className="flex border-2">
> 5 |     <h1>Hello</h1>
    |                   ^
  6 | export default Home;
  7 |
Compiling...
Compiled successfully!
Compiling...
Compiled successfully!
Compiling...
Compiled successfully!
Compiling...
Compiled successfully!
Compiling...
Compiled successfully!
Compiling...
Compiled successfully!
Compiling...
Compiled successfully!
Compiling...
Compiled successfully!
Compiling...
Compiled successfully!
Compiling...
Compiled successfully!
yarn run v1.22.15
$ craco start
[34mâ„¹[39m [90mï½¢wdsï½£[39m: Project is running at http://192.168.0.15/
[34mâ„¹[39m [90mï½¢wdsï½£[39m: webpack output is served from 
[34mâ„¹[39m [90mï½¢wdsï½£[39m: Content not from webpack is served from /home/skuep/code/04-React/discord_sidebar/public
[34mâ„¹[39m [90mï½¢wdsï½£[39m: 404s will fallback to /
Starting the development server...

Compiled successfully!

You can now view react_skeleton in the browser.

  Local:            http://localhost:3000
  On Your Network:  http://192.168.0.15:3000

Note that the development build is not optimized.
To create a production build, use yarn build.

Compiling...
Compiled successfully!
Compiling...
Compiled successfully!
Compiling...
Compiled successfully!
Compiling...
Compiled successfully!
Compiling...
Compiled successfully!
Compiling...
Compiled successfully!
Compiling...
Compiled successfully!
Compiling...
Compiled successfully!
Compiling...
Compiled successfully!
Compiling...
Compiled successfully!
Compiling...
Compiled successfully!
Compiling...
Compiled successfully!
Compiling...
Compiled successfully!
Compiling...
Compiled successfully!
Compiling...
Compiled successfully!
Compiling...
Compiled successfully!
Compiling...
Compiled successfully!
Compiling...
Compiled successfully!
Compiling...
Compiled successfully!
Compiling...
Compiled successfully!
Compiling...
Compiled successfully!
Compiling...
Compiled successfully!
Compiling...
Compiled successfully!
Compiling...
Compiled successfully!
Compiling...
Compiled successfully!
Compiling...
Compiled successfully!
Compiling...
Compiled successfully!
Compiling...
Compiled successfully!
Compiling...
Compiled successfully!
Compiling...
Compiled successfully!
Compiling...
Compiled successfully!
Compiling...
Compiled successfully!
Compiling...
Compiled successfully!
Compiling...
Compiled successfully!
Compiling...
Compiled successfully!
Compiling...
Compiled successfully!
Compiling...
Compiled successfully!
Compiling...
Compiled successfully!
Compiling...
Compiled successfully!
Compiling...
Compiled successfully!
Compiling...
Compiled successfully!
Compiling...
Compiled successfully!
Compiling...
Compiled successfully!
Compiling...
Compiled successfully!
Compiling...
Compiled successfully!
Compiling...
Failed to compile.

./src/components/layout/navigation/SideBar/SideBar.js
Module not found: Can't resolve 'react-icons/bs' in '/home/skuep/code/04-React/discord_sidebar/src/components/layout/navigation/SideBar'
Compiling...
info Visit https://yarnpkg.com/en/docs/cli/run for documentation about this command.
